(1,SYM,"+")
(2,SYM,"-")
(3,SYM,"*")
(4,SYM,"/")
(5,SYM,"<")
(6,SYM,"<=")
(7,SYM,">")
(8,SYM,">=")
(9,SYM,"==")
(10,SYM,"!=")
(11,SYM,"=")
(12,SYM,";")
(13,SYM,",")
(14,SYM,"(")
(15,SYM,")")
(16,SYM,"[")
(17,SYM,"]")
(18,SYM,"{")
(19,SYM,"}")
