(1,NUM,"0")
(1,NUM,"1")
(1,NUM,"2")
(1,NUM,"3")
(1,NUM,"4")
(1,NUM,"5")
(1,NUM,"6")
(1,NUM,"7")
(1,NUM,"8")
(1,NUM,"9")
(2,NUM,"13579")
(3,NUM,"24680")
(4,NUM,"924")
(4,ID,"a")
