(1,KEY,"int")
(1,ID,"main")
(1,SYM,"(")
(1,KEY,"void")
(1,SYM,")")
(1,SYM,"{")
(2,KEY,"int")
(2,ID,"i")
(2,SYM,";")
(4,KEY,"for")
(4,SYM,"(")
(4,ID,"i")
(4,SYM,"=")
(4,NUM,"1")
(4,SYM,";")
(4,ID,"i")
(4,SYM,"<")
(4,NUM,"10")
(4,SYM,";")
(4,ID,"i")
(4,SYM,"=")
(4,ID,"i")
(4,SYM,"+")
(4,NUM,"1")
(4,SYM,")")
(5,SYM,"{")
(6,ID,"println")
(6,SYM,"(")
(6,ID,"i")
(6,SYM,")")
(6,SYM,";")
(7,SYM,"}")
(9,SYM,"}")
