(1,KEY,"const")
(2,KEY,"if")
(3,KEY,"else")
(4,KEY,"int")
(5,KEY,"void")
(6,KEY,"return")
(7,KEY,"while")
(8,KEY,"for")
