(1,ID,"aAbB")
(2,ID,"c1CdDeE")
(3,ID,"fF2gG")
(4,ID,"hHi3IjJ")
(5,ID,"kKlL")
(6,ID,"m")
(6,ID,"n")
(7,ID,"oOpPqQ")
(8,ID,"rRsStTuU")
(9,ID,"vVwWxX")
(10,ID,"yYzZ")
(11,ID,"aA0123456789zZ")
(12,ID,"b1B2")
