(1,KEY,"int")
(1,ID,"main")
(1,SYM,"(")
(1,KEY,"void")
(1,SYM,")")
(1,SYM,"{")
(2,KEY,"int")
(2,ID,"CONST")
(2,ID,"i")
(2,SYM,"=")
(2,NUM,"1000")
(2,SYM,";")
(3,SYM,"}")
