(1,ID,"this")
(1,ID,"is")
(1,ERROR,"!")
(1,ERROR,"|")
(1,ERROR,"!")
(2,ID,"a")
(2,ID,"error")
