(3,KEY,"int")
(3,ID,"i")
(3,SYM,";")
(5,SYM,"-")
(5,SYM,"-")
(5,ID,"i")
(5,SYM,";")
