(2,KEY,"void")
(2,ID,"main")
(2,SYM,"(")
(2,KEY,"void")
(2,SYM,")")
(2,SYM,"{")
(3,ERROR,"&")
(3,ID,"a")
(4,SYM,"}")
