(2,KEY,"int")
(2,ID,"a")
(2,SYM,";")
(3,KEY,"int")
(3,ID,"b")
(3,SYM,";")
(5,SYM,"(")
(5,ID,"a")
(5,SYM,")")
(5,ERROR,"|")
(5,ERROR,"|")
(5,SYM,"(")
(5,ID,"b")
(5,SYM,")")
(5,SYM,";")
