(2,ID,"a")
(2,SYM,"-")
(2,NUM,"10")
(2,ERROR,"?")
(3,ID,"print")
(3,ID,"a")
(3,SYM,";")
