(1,ID,"is")
(1,ID,"this")
(1,ERROR,"!")
(1,ID,"an")
(1,ID,"enum")
(2,NUM,"9")
(2,SYM,",")
(2,ID,"ai")
(2,ERROR,"&")
(2,ID,"p")
(2,ID,"error")
(2,ERROR,"?")
