(4,KEY,"int")
(4,ID,"x")
(4,SYM,"[")
(4,NUM,"10")
(4,SYM,"]")
(4,SYM,";")
(6,KEY,"int")
(6,ID,"minloc")
(6,SYM,"(")
(6,KEY,"int")
(6,ID,"a")
(6,SYM,"[")
(6,SYM,"]")
(6,SYM,",")
(6,KEY,"int")
(6,ID,"low")
(6,SYM,",")
(6,KEY,"int")
(6,ID,"high")
(6,SYM,")")
(6,SYM,"{")
(7,KEY,"int")
(7,ID,"i")
(7,SYM,";")
(7,KEY,"int")
(7,ID,"x")
(7,SYM,";")
(7,KEY,"int")
(7,ID,"k")
(7,SYM,";")
(8,ID,"k")
(8,SYM,"=")
(8,ID,"low")
(8,SYM,";")
(9,ID,"x")
(9,SYM,"=")
(9,ID,"a")
(9,SYM,"[")
(9,ID,"low")
(9,SYM,"]")
(9,SYM,";")
(10,ID,"i")
(10,SYM,"=")
(10,ID,"low")
(10,SYM,"+")
(10,NUM,"1")
(10,SYM,";")
(12,KEY,"while")
(12,SYM,"(")
(12,ID,"i")
(12,SYM,"<")
(12,ID,"high")
(12,SYM,")")
(12,SYM,"{")
(13,KEY,"if")
(13,SYM,"(")
(13,ID,"a")
(13,SYM,"[")
(13,ID,"i")
(13,SYM,"]")
(13,ERROR,"|")
(13,ID,"x")
(13,SYM,")")
(13,SYM,"{")
(14,ID,"x")
(14,SYM,"=")
(14,ID,"a")
(14,SYM,"[")
(14,ID,"i")
(14,SYM,"]")
(14,SYM,";")
(15,ID,"k")
(15,SYM,"=")
(15,ID,"i")
(15,SYM,";")
(16,SYM,"}")
(17,ID,"i")
(17,SYM,"=")
(17,ID,"i")
(17,SYM,"+")
(17,NUM,"1")
(17,SYM,";")
(18,SYM,"}")
(19,KEY,"return")
(19,ID,"k")
(19,SYM,";")
(21,SYM,"}")
(25,KEY,"void")
(25,ID,"sort")
(25,SYM,"(")
(25,KEY,"int")
(25,ID,"a")
(25,SYM,"[")
(25,SYM,"]")
(25,SYM,",")
(25,KEY,"int")
(25,ID,"low")
(25,SYM,",")
(25,KEY,"int")
(25,ID,"high")
(25,SYM,")")
(25,SYM,"{")
(26,KEY,"int")
(26,ID,"i")
(26,SYM,";")
(26,KEY,"int")
(26,ID,"k")
(26,SYM,";")
(26,ID,"i")
(26,SYM,"=")
(26,ID,"low")
(26,SYM,";")
(28,KEY,"while")
(28,SYM,"(")
(28,ID,"i")
(28,SYM,"<")
(28,ID,"high")
(28,SYM,"-")
(28,NUM,"1")
(28,SYM,")")
(28,SYM,"{")
(29,KEY,"int")
(29,ID,"t")
(29,SYM,";")
(30,ID,"k")
(30,SYM,"=")
(30,ID,"minloc")
(30,SYM,"(")
(30,ID,"a")
(30,SYM,",")
(30,ID,"i")
(30,SYM,",")
(30,ID,"high")
(30,SYM,")")
(30,SYM,";")
(31,ID,"t")
(31,SYM,"=")
(31,ID,"a")
(31,SYM,"[")
(31,ID,"k")
(31,SYM,"]")
(31,SYM,";")
(32,ID,"a")
(32,SYM,"[")
(32,ID,"k")
(32,SYM,"]")
(32,SYM,"=")
(32,ID,"a")
(32,SYM,"[")
(32,ID,"i")
(32,SYM,"]")
(32,SYM,";")
(33,ID,"a")
(33,SYM,"[")
(33,ID,"i")
(33,SYM,"]")
(33,SYM,"=")
(33,ID,"t")
(33,SYM,";")
(34,ID,"i")
(34,SYM,"=")
(34,ID,"i")
(34,SYM,"+")
(34,NUM,"1")
(34,ERROR,".")
(35,SYM,"}")
(36,SYM,"}")
(39,KEY,"void")
(39,ID,"main")
(39,SYM,"(")
(39,KEY,"void")
(39,SYM,")")
(39,SYM,"{")
(40,KEY,"int")
(40,ID,"i")
(40,SYM,";")
(41,ID,"i")
(41,SYM,"=")
(41,NUM,"0")
(41,SYM,";")
(43,KEY,"while")
(43,SYM,"(")
(43,ID,"i")
(43,SYM,"<")
(43,NUM,"10")
(43,SYM,")")
(43,SYM,"{")
(44,ID,"x")
(44,SYM,"[")
(44,ID,"i")
(44,SYM,"]")
(44,SYM,"=")
(44,ID,"input")
(44,SYM,"(")
(44,SYM,")")
(44,SYM,";")
(45,ID,"i")
(45,SYM,"=")
(45,ID,"i")
(45,SYM,"+")
(45,NUM,"1")
(45,SYM,";")
(46,SYM,"}")
(48,ID,"sort")
(48,SYM,"(")
(48,ID,"x")
(48,SYM,",")
(48,NUM,"0")
(48,SYM,",")
(48,NUM,"10")
(48,SYM,")")
(48,SYM,";")
(50,ID,"i")
(50,SYM,"=")
(50,NUM,"0")
(50,SYM,";")
(51,KEY,"while")
(51,SYM,"(")
(51,ID,"i")
(51,SYM,"<")
(51,NUM,"10")
(51,SYM,")")
(51,SYM,"{")
(52,ID,"output")
(52,SYM,"(")
(52,ID,"x")
(52,SYM,"[")
(52,ID,"i")
(52,SYM,"]")
(52,SYM,")")
(52,SYM,";")
(53,ID,"i")
(53,SYM,"+")
(53,SYM,"+")
(53,SYM,";")
(54,SYM,"}")
(55,SYM,"}")
