(1,ERROR,"!")
(1,ID,"aa")
(2,ERROR,"&")
(2,ID,"p")
