(3,KEY,"if")
(3,ERROR,"!")
(3,SYM,"(")
(3,ID,"a")
(3,SYM,")")
(4,KEY,"return")
(4,NUM,"0")
(4,SYM,";")
