(2,KEY,"void")
(2,ID,"main")
(2,SYM,"(")
(2,KEY,"void")
(2,SYM,")")
(2,SYM,"{")
(3,NUM,"1")
(3,ID,"r")
(3,ERROR,".")
(3,SYM,";")
(4,SYM,"}")
