(1,NUM,"9")
(1,ID,"a1")
(2,NUM,"21")
(2,ERROR,".")
(2,NUM,"95")
(3,NUM,"499")
