(2,ID,"a")
(2,SYM,"+")
(2,SYM,"=")
(2,ID,"b")
(2,SYM,";")
