(1,KEY,"if")
(1,KEY,"else")
(2,ID,"If")
(2,ID,"Else")
(3,KEY,"int")
(3,ID,"Int")
(4,KEY,"return")
(4,ID,"Return")
(5,KEY,"void")
(5,ID,"Void")
(6,KEY,"while")
(6,ID,"While")
(7,KEY,"for")
(7,ID,"FOR")
(8,ID,"Const")
(8,KEY,"const")
