(3,KEY,"void")
(3,ID,"main")
(3,SYM,"(")
(3,KEY,"void")
(3,SYM,")")
(4,SYM,"{")
(5,KEY,"int")
(5,ID,"aTab")
(5,SYM,";")
(6,SYM,"}")
