(1,ID,"this")
(1,ID,"is")
(1,ID,"a")
(2,ID,"this")
(2,ID,"is")
(2,ID,"b")
